16:48:25 **** Build of configuration Debug for project final_project_hardware ****
make all 
make --no-print-directory pre-build
a9-linaro-pre-build-step
' '
make --no-print-directory main-build
'Building file: ../src/platform.c'
'Invoking: ARM v7 gcc compiler'
arm-none-eabi-gcc -Wall -O0 -g3 -c -fmessage-length=0 -MT"src/platform.o" -mcpu=cortex-a9 -mfpu=vfpv3 -mfloat-abi=hard -IC:/Users/pdrego/Downloads/Final_Project/1_2_9_SD_DMA/vitis_DMA_new/DMA_block_design_wrapper/export/DMA_block_design_wrapper/sw/DMA_block_design_wrapper/standalone_ps7_cortexa9_0/bspinclude/include -MMD -MP -MF"src/platform.d" -MT"src/platform.o" -o "src/platform.o" "../src/platform.c"
'Finished building: ../src/platform.c'
' '
'Building file: ../src/sdCard.c'
'Invoking: ARM v7 gcc compiler'
arm-none-eabi-gcc -Wall -O0 -g3 -c -fmessage-length=0 -MT"src/sdCard.o" -mcpu=cortex-a9 -mfpu=vfpv3 -mfloat-abi=hard -IC:/Users/pdrego/Downloads/Final_Project/1_2_9_SD_DMA/vitis_DMA_new/DMA_block_design_wrapper/export/DMA_block_design_wrapper/sw/DMA_block_design_wrapper/standalone_ps7_cortexa9_0/bspinclude/include -MMD -MP -MF"src/sdCard.d" -MT"src/sdCard.o" -o "src/sdCard.o" "../src/sdCard.c"
'Finished building: ../src/sdCard.c'
' '
'Building file: ../src/sdTest.c'
'Invoking: ARM v7 gcc compiler'
arm-none-eabi-gcc -Wall -O0 -g3 -c -fmessage-length=0 -MT"src/sdTest.o" -mcpu=cortex-a9 -mfpu=vfpv3 -mfloat-abi=hard -IC:/Users/pdrego/Downloads/Final_Project/1_2_9_SD_DMA/vitis_DMA_new/DMA_block_design_wrapper/export/DMA_block_design_wrapper/sw/DMA_block_design_wrapper/standalone_ps7_cortexa9_0/bspinclude/include -MMD -MP -MF"src/sdTest.d" -MT"src/sdTest.o" -o "src/sdTest.o" "../src/sdTest.c"
../src/sdTest.c: In function 'print_data':
../src/sdTest.c:54:2: warning: implicit declaration of function 'printf' [-Wimplicit-function-declaration]
   54 |  printf("Total file size : %u\n", file_size);
      |  ^~~~~~
../src/sdTest.c:54:2: warning: incompatible implicit declaration of built-in function 'printf'
../src/sdTest.c:13:1: note: include '<stdio.h>' or provide a declaration of 'printf'
   12 | #include "xil_cache.h"
  +++ |+#include <stdio.h>
   13 | 
../src/sdTest.c: In function 'BurstReadWrite':
../src/sdTest.c:169:4: warning: statement with no effect [-Wunused-value]
  169 |    for(total_copied; total_copied < header_size; total_copied++){
      |    ^~~
../src/sdTest.c:175:11: warning: unused variable 'bufferFile' [-Wunused-variable]
  175 |     char* bufferFile = headerBuffer;
      |           ^~~~~~~~~~
../src/sdTest.c: At top level:
../src/sdTest.c:19:13: warning: 'sd_main' declared 'static' but never defined [-Wunused-function]
   19 | static void sd_main();
      |             ^~~~~~~
../src/sdTest.c:234:12: warning: 'SD_Eject' defined but not used [-Wunused-function]
  234 | static int SD_Eject()
      |            ^~~~~~~~
../src/sdTest.c:222:12: warning: 'SD_Init' defined but not used [-Wunused-function]
  222 | static int SD_Init()
      |            ^~~~~~~
../src/sdTest.c:93:12: warning: 'BurstReadWrite' defined but not used [-Wunused-function]
   93 | static int BurstReadWrite(char *FileRead, u32 DestinationBuffer, char *FileWrite, u32 size, u32 SourceAddress, u32 file_burst_size)
      |            ^~~~~~~~~~~~~~
'Finished building: ../src/sdTest.c'
' '
'Building file: ../src/xaxidma_example_simple_poll.c'
'Invoking: ARM v7 gcc compiler'
arm-none-eabi-gcc -Wall -O0 -g3 -c -fmessage-length=0 -MT"src/xaxidma_example_simple_poll.o" -mcpu=cortex-a9 -mfpu=vfpv3 -mfloat-abi=hard -IC:/Users/pdrego/Downloads/Final_Project/1_2_9_SD_DMA/vitis_DMA_new/DMA_block_design_wrapper/export/DMA_block_design_wrapper/sw/DMA_block_design_wrapper/standalone_ps7_cortexa9_0/bspinclude/include -MMD -MP -MF"src/xaxidma_example_simple_poll.d" -MT"src/xaxidma_example_simple_poll.o" -o "src/xaxidma_example_simple_poll.o" "../src/xaxidma_example_simple_poll.c"
../src/xaxidma_example_simple_poll.c:85:2: warning: #warning CHECK FOR THE VALID DDR ADDRESS IN XPARAMETERS.H, DEFAULT SET TO 0x01000000 [-Wcpp]
   85 | #warning CHECK FOR THE VALID DDR ADDRESS IN XPARAMETERS.H, \
      |  ^~~~~~~
In file included from ../src/xaxidma_example_simple_poll.c:113:
../src/sdTest.c: In function 'print_data':
../src/sdTest.c:54:2: warning: implicit declaration of function 'printf' [-Wimplicit-function-declaration]
   54 |  printf("Total file size : %u\n", file_size);
      |  ^~~~~~
../src/sdTest.c:54:2: warning: incompatible implicit declaration of built-in function 'printf'
In file included from ../src/xaxidma_example_simple_poll.c:113:
../src/sdTest.c:13:1: note: include '<stdio.h>' or provide a declaration of 'printf'
   12 | #include "xil_cache.h"
  +++ |+#include <stdio.h>
   13 | 
In file included from ../src/xaxidma_example_simple_poll.c:113:
../src/sdTest.c: In function 'BurstReadWrite':
../src/sdTest.c:169:4: warning: statement with no effect [-Wunused-value]
  169 |    for(total_copied; total_copied < header_size; total_copied++){
      |    ^~~
../src/sdTest.c:175:11: warning: unused variable 'bufferFile' [-Wunused-variable]
  175 |     char* bufferFile = headerBuffer;
      |           ^~~~~~~~~~
../src/xaxidma_example_simple_poll.c: In function 'XAxiDma_Poll_SD':
../src/xaxidma_example_simple_poll.c:236:5: warning: unused variable 'Value' [-Wunused-variable]
  236 |  u8 Value;
      |     ^~~~~
../src/xaxidma_example_simple_poll.c:233:6: warning: unused variable 'Index' [-Wunused-variable]
  233 |  int Index; // For loop
      |      ^~~~~
../src/xaxidma_example_simple_poll.c: In function 'CheckData':
../src/xaxidma_example_simple_poll.c:448:5: warning: unused variable 'Value' [-Wunused-variable]
  448 |  u8 Value;
      |     ^~~~~
In file included from ../src/xaxidma_example_simple_poll.c:113:
../src/xaxidma_example_simple_poll.c: At top level:
../src/sdTest.c:19:13: warning: 'sd_main' declared 'static' but never defined [-Wunused-function]
   19 | static void sd_main();
      |             ^~~~~~~
../src/sdTest.c:93:12: warning: 'BurstReadWrite' defined but not used [-Wunused-function]
   93 | static int BurstReadWrite(char *FileRead, u32 DestinationBuffer, char *FileWrite, u32 size, u32 SourceAddress, u32 file_burst_size)
      |            ^~~~~~~~~~~~~~
'Finished building: ../src/xaxidma_example_simple_poll.c'
' '
'Building target: final_project_hardware.elf'
'Invoking: ARM v7 gcc linker'
arm-none-eabi-gcc -mcpu=cortex-a9 -mfpu=vfpv3 -mfloat-abi=hard -Wl,-build-id=none -specs=Xilinx.spec -Wl,-T -Wl,../src/lscript.ld -LC:/Users/pdrego/Downloads/Final_Project/1_2_9_SD_DMA/vitis_DMA_new/DMA_block_design_wrapper/export/DMA_block_design_wrapper/sw/DMA_block_design_wrapper/standalone_ps7_cortexa9_0/bsplib/lib -o "final_project_hardware.elf"  ./src/platform.o ./src/sdCard.o ./src/sdTest.o ./src/xaxidma_example_simple_poll.o   -Wl,--start-group,-lxil,-lgcc,-lc,--end-group -Wl,--start-group,-lxilffs,-lxil,-lgcc,-lc,--end-group
'Finished building target: final_project_hardware.elf'
' '
'Invoking: ARM v7 Print Size'
arm-none-eabi-size final_project_hardware.elf  |tee "final_project_hardware.elf.size"
   text	   data	    bss	    dec	    hex	filename
 155276	   2656	  29872	 187804	  2dd9c	final_project_hardware.elf
'Finished building: final_project_hardware.elf.size'
' '

16:48:37 Build Finished (took 12s.338ms)

